规则更新时间: 2025-04-14 10:13:43
规则更新时间: 2025-04-14 10:32:28
规则更新时间: 2025-04-14 10:34:52
规则更新时间: 2025-04-14 10:48:24
规则更新时间: 2025-04-14 18:52:02+08:00
规则更新时间: 2025-04-14 19:18:21+08:00
规则更新时间: 2025-04-14 20:13:48+08:00
规则更新时间: 2025-04-14 20:28:08+08:00
规则更新时间: 2025-04-15 09:36:36+08:00
规则更新时间: 2025-04-15 21:53:16+08:00
规则更新时间: 2025-04-15 22:02:27+08:00
规则更新时间: 2025-04-15 22:27:10+08:00
当前规则数: 17379
规则更新时间: 2025-04-15 23:11:45+08:00
规则变化: ↑+17379 (前次: 0 → 本次: 17379)
----------------------------------------
当前规则数: 17379
规则更新时间: 2025-04-16 09:27:56+08:00
规则变化: →0 (前次: 17379 → 本次: 17379)
----------------------------------------
当前规则数: 17379
规则更新时间: 2025-04-16 23:46:03+08:00
规则变化: →0 (前次: 17379 → 本次: 17379)
----------------------------------------
当前规则数: 17379
规则更新时间: 2025-04-17 09:26:43+08:00
规则变化: →0 (前次: 17379 → 本次: 17379)
----------------------------------------
